warning: in the working copy of 'app/build.gradle.kts', LF will be replaced by CRLF the next time Git touches it
warning: in the working copy of 'app/src/androidTest/cpp/ncnn_smoke_jni.cpp', LF will be replaced by CRLF the next time Git touches it
warning: in the working copy of 'app/src/androidTest/java/com/wearable/inspection/mobile/detection/NanoDetRoiRuntimeInstrumentedTest.kt', LF will be replaced by CRLF the next time Git touches it
warning: in the working copy of 'app/src/androidTest/java/com/wearable/inspection/mobile/ncnn/NcnnSmokeNative.java', LF will be replaced by CRLF the next time Git touches it
warning: in the working copy of 'app/src/main/cpp/nanodet_ncnn_jni.cpp', LF will be replaced by CRLF the next time Git touches it
warning: in the working copy of 'app/src/main/java/com/wearable/inspection/mobile/data/dao/PartDao.kt', LF will be replaced by CRLF the next time Git touches it
warning: in the working copy of 'app/src/main/java/com/wearable/inspection/mobile/data/db/AppDatabase.kt', LF will be replaced by CRLF the next time Git touches it
warning: in the working copy of 'app/src/main/java/com/wearable/inspection/mobile/data/db/Migrations.kt', LF will be replaced by CRLF the next time Git touches it
warning: in the working copy of 'app/src/main/java/com/wearable/inspection/mobile/data/entity/ViewRoiConfirmEntity.kt', LF will be replaced by CRLF the next time Git touches it
warning: in the working copy of 'app/src/main/java/com/wearable/inspection/mobile/data/export/InspectionExcelExporter.kt', LF will be replaced by CRLF the next time Git touches it
warning: in the working copy of 'app/src/main/java/com/wearable/inspection/mobile/data/export/InspectionZipExportService.kt', LF will be replaced by CRLF the next time Git touches it
warning: in the working copy of 'app/src/main/java/com/wearable/inspection/mobile/detection/FullImageInferResult.kt', LF will be replaced by CRLF the next time Git touches it
warning: in the working copy of 'app/src/main/java/com/wearable/inspection/mobile/detection/NanoDetInferenceModels.kt', LF will be replaced by CRLF the next time Git touches it
warning: in the working copy of 'app/src/main/java/com/wearable/inspection/mobile/detection/NanoDetNcnnNative.java', LF will be replaced by CRLF the next time Git touches it
warning: in the working copy of 'app/src/main/java/com/wearable/inspection/mobile/detection/NanoDetOutputDecoder.kt', LF will be replaced by CRLF the next time Git touches it
warning: in the working copy of 'app/src/main/java/com/wearable/inspection/mobile/ui/screens/PartDetailScreen.kt', LF will be replaced by CRLF the next time Git touches it
warning: in the working copy of 'app/src/main/java/com/wearable/inspection/mobile/ui/screens/PartListScreen.kt', LF will be replaced by CRLF the next time Git touches it
warning: in the working copy of 'app/src/main/java/com/wearable/inspection/mobile/ui/screens/PartManagementScreen.kt', LF will be replaced by CRLF the next time Git touches it
warning: in the working copy of 'app/src/main/java/com/wearable/inspection/mobile/ui/screens/ViewConfirmationViewModel.kt', LF will be replaced by CRLF the next time Git touches it
warning: in the working copy of 'app/src/test/java/com/wearable/inspection/mobile/data/export/InspectionExcelExporterTest.kt', LF will be replaced by CRLF the next time Git touches it
warning: in the working copy of 'app/src/test/java/com/wearable/inspection/mobile/data/export/InspectionZipExportArchiveTest.kt', LF will be replaced by CRLF the next time Git touches it
warning: in the working copy of 'app/src/test/java/com/wearable/inspection/mobile/dpm/DpmScanEvidenceContractTest.kt', LF will be replaced by CRLF the next time Git touches it
warning: in the working copy of 'app/src/test/java/com/wearable/inspection/mobile/ui/screens/RoiEvidenceExportTest.kt', LF will be replaced by CRLF the next time Git touches it
warning: in the working copy of 'app/src/test/java/com/wearable/inspection/mobile/ui/screens/ViewConfirmationModelResultTest.kt', LF will be replaced by CRLF the next time Git touches it
warning: in the working copy of 'tasks/plan.md', LF will be replaced by CRLF the next time Git touches it
warning: in the working copy of 'tasks/todo.md', LF will be replaced by CRLF the next time Git touches it
