Configuration on demand is an incubating feature.

> Configure project :app
WARNING: The option setting 'android.overridePathCheck=true' is experimental.
The current default is 'false'.

> Task :app:checkKotlinGradlePluginConfigurationErrors SKIPPED
> Task :app:preBuild UP-TO-DATE
> Task :app:preDebugBuild UP-TO-DATE
> Task :app:generateDebugBuildConfig UP-TO-DATE
> Task :app:checkDebugAarMetadata UP-TO-DATE
> Task :app:generateDebugResValues UP-TO-DATE
> Task :app:mapDebugSourceSetPaths UP-TO-DATE
> Task :app:generateDebugResources UP-TO-DATE
> Task :app:mergeDebugResources UP-TO-DATE
> Task :app:packageDebugResources UP-TO-DATE
> Task :app:parseDebugLocalResources UP-TO-DATE
> Task :app:createDebugCompatibleScreenManifests UP-TO-DATE
> Task :app:extractDeepLinksDebug UP-TO-DATE
> Task :app:processDebugMainManifest UP-TO-DATE
> Task :app:processDebugManifest UP-TO-DATE
> Task :app:processDebugManifestForPackage UP-TO-DATE
> Task :app:processDebugResources UP-TO-DATE
> Task :app:kspDebugKotlin UP-TO-DATE
> Task :app:compileDebugKotlin UP-TO-DATE
> Task :app:javaPreCompileDebug UP-TO-DATE
> Task :app:compileDebugJavaWithJavac UP-TO-DATE
> Task :app:bundleDebugClassesToCompileJar UP-TO-DATE
> Task :app:preDebugAndroidTestBuild SKIPPED
> Task :app:processDebugAndroidTestManifest UP-TO-DATE
> Task :app:generateDebugAndroidTestBuildConfig UP-TO-DATE
> Task :app:checkDebugAndroidTestAarMetadata UP-TO-DATE
> Task :app:generateDebugAndroidTestResValues UP-TO-DATE
> Task :app:mapDebugAndroidTestSourceSetPaths UP-TO-DATE
> Task :app:generateDebugAndroidTestResources UP-TO-DATE
> Task :app:mergeDebugAndroidTestResources UP-TO-DATE
> Task :app:processDebugAndroidTestResources UP-TO-DATE
> Task :app:kspDebugAndroidTestKotlin UP-TO-DATE
> Task :app:compileDebugAndroidTestKotlin UP-TO-DATE
> Task :app:javaPreCompileDebugAndroidTest UP-TO-DATE
> Task :app:compileDebugAndroidTestJavaWithJavac UP-TO-DATE
> Task :app:mergeDebugShaders UP-TO-DATE
> Task :app:compileDebugShaders NO-SOURCE
> Task :app:generateDebugAssets UP-TO-DATE
> Task :app:mergeDebugAssets UP-TO-DATE
> Task :app:compressDebugAssets UP-TO-DATE
> Task :app:desugarDebugFileDependencies UP-TO-DATE
> Task :app:dexBuilderDebug UP-TO-DATE
> Task :app:mergeDebugGlobalSynthetics UP-TO-DATE
> Task :app:processDebugJavaRes UP-TO-DATE
> Task :app:mergeDebugJavaResource UP-TO-DATE
> Task :app:checkDebugDuplicateClasses UP-TO-DATE
> Task :app:mergeExtDexDebug UP-TO-DATE
> Task :app:mergeLibDexDebug UP-TO-DATE
> Task :app:mergeProjectDexDebug UP-TO-DATE
> Task :app:prepareNanoDetMainNative

> Task :app:buildNanoDetMainNative
Android NDK: WARNING:C:\Users\ws\AppData\Local\Temp\mobileinspection-nanodet-main\Android.mk:nanodet_ncnn_runtime: non-system libraries in linker flags: -lncnn    
Android NDK:     This is likely to result in incorrect builds. Try using LOCAL_STATIC_LIBRARIES    
Android NDK:     or LOCAL_SHARED_LIBRARIES instead to list the library dependencies of the    
Android NDK:     current module    
[arm64-v8a] Compile++      : nanodet_ncnn_runtime <= nanodet_ncnn_jni.cpp
[arm64-v8a] SharedLibrary  : libnanodet_ncnn_runtime.so
[arm64-v8a] Install        : libnanodet_ncnn_runtime.so => C:\Users\ws\AppData\Local\Temp\mobileinspection-nanodet-main\libs/arm64-v8a/libnanodet_ncnn_runtime.so

> Task :app:stageNanoDetMainNative UP-TO-DATE
> Task :app:cleanupNanoDetMainNative
> Task :app:mergeDebugJniLibFolders UP-TO-DATE
> Task :app:mergeDebugNativeLibs UP-TO-DATE
> Task :app:stripDebugDebugSymbols UP-TO-DATE
> Task :app:validateSigningDebug UP-TO-DATE
> Task :app:writeDebugAppMetadata UP-TO-DATE
> Task :app:writeDebugSigningConfigVersions UP-TO-DATE
> Task :app:packageDebug UP-TO-DATE
> Task :app:createDebugApkListingFileRedirect UP-TO-DATE
> Task :app:mergeDebugAndroidTestShaders UP-TO-DATE
> Task :app:compileDebugAndroidTestShaders NO-SOURCE
> Task :app:generateDebugAndroidTestAssets UP-TO-DATE
> Task :app:stageNcnnSmokeAndroidTestAssets UP-TO-DATE
> Task :app:mergeDebugAndroidTestAssets UP-TO-DATE
> Task :app:compressDebugAndroidTestAssets UP-TO-DATE
> Task :app:desugarDebugAndroidTestFileDependencies UP-TO-DATE
> Task :app:dexBuilderDebugAndroidTest UP-TO-DATE
> Task :app:mergeDebugAndroidTestGlobalSynthetics UP-TO-DATE
> Task :app:processDebugAndroidTestJavaRes UP-TO-DATE
> Task :app:mergeDebugAndroidTestJavaResource UP-TO-DATE
> Task :app:checkDebugAndroidTestDuplicateClasses UP-TO-DATE
> Task :app:mergeExtDexDebugAndroidTest UP-TO-DATE
> Task :app:mergeLibDexDebugAndroidTest UP-TO-DATE
> Task :app:mergeProjectDexDebugAndroidTest UP-TO-DATE
> Task :app:prepareNcnnSmokeAndroidTestNative

> Task :app:buildNcnnSmokeAndroidTestNative
Android NDK: WARNING:C:\Users\ws\AppData\Local\Temp\mobileinspection-ncnn-smoke\Android.mk:ncnn_smoke: non-system libraries in linker flags: -lncnn    
Android NDK:     This is likely to result in incorrect builds. Try using LOCAL_STATIC_LIBRARIES    
Android NDK:     or LOCAL_SHARED_LIBRARIES instead to list the library dependencies of the    
Android NDK:     current module    
[arm64-v8a] Compile++      : ncnn_smoke <= ncnn_smoke_jni.cpp
[arm64-v8a] SharedLibrary  : libncnn_smoke.so
[arm64-v8a] Install        : libncnn_smoke.so => C:\Users\ws\AppData\Local\Temp\mobileinspection-ncnn-smoke\libs/arm64-v8a/libncnn_smoke.so

> Task :app:stageNcnnSmokeAndroidTestNative UP-TO-DATE
> Task :app:cleanupNcnnSmokeAndroidTestNativeWork
> Task :app:mergeDebugAndroidTestJniLibFolders UP-TO-DATE
> Task :app:mergeDebugAndroidTestNativeLibs UP-TO-DATE
> Task :app:stripDebugAndroidTestDebugSymbols UP-TO-DATE
> Task :app:validateSigningDebugAndroidTest UP-TO-DATE
> Task :app:writeDebugAndroidTestSigningConfigVersions UP-TO-DATE
> Task :app:packageDebugAndroidTest UP-TO-DATE
> Task :app:createDebugAndroidTestApkListingFileRedirect UP-TO-DATE

> Task :app:connectedDebugAndroidTest
Starting 2 tests on SEA-AL10 - 10

Finished 2 tests on SEA-AL10 - 10

BUILD SUCCESSFUL in 27s
80 actionable tasks: 7 executed, 73 up-to-date
