Configuration on demand is an incubating feature.

> Configure project :app
WARNING: The option setting 'android.overridePathCheck=true' is experimental.
The current default is 'false'.

> Task :app:preBuild UP-TO-DATE
> Task :app:preDebugBuild UP-TO-DATE
> Task :app:mergeDebugNativeDebugMetadata NO-SOURCE
> Task :app:checkKotlinGradlePluginConfigurationErrors SKIPPED
> Task :app:generateDebugBuildConfig UP-TO-DATE
> Task :app:checkDebugAarMetadata UP-TO-DATE
> Task :app:generateDebugResValues UP-TO-DATE
> Task :app:mapDebugSourceSetPaths UP-TO-DATE
> Task :app:generateDebugResources UP-TO-DATE
> Task :app:mergeDebugResources UP-TO-DATE
> Task :app:packageDebugResources UP-TO-DATE
> Task :app:parseDebugLocalResources UP-TO-DATE
> Task :app:createDebugCompatibleScreenManifests UP-TO-DATE
> Task :app:extractDeepLinksDebug UP-TO-DATE
> Task :app:processDebugMainManifest FROM-CACHE
> Task :app:processDebugManifest FROM-CACHE
> Task :app:processDebugManifestForPackage FROM-CACHE
> Task :app:processDebugResources FROM-CACHE
> Task :app:kspDebugKotlin FROM-CACHE
> Task :app:compileDebugKotlin FROM-CACHE
> Task :app:javaPreCompileDebug UP-TO-DATE
> Task :app:compileDebugJavaWithJavac FROM-CACHE
> Task :app:mergeDebugShaders UP-TO-DATE
> Task :app:compileDebugShaders NO-SOURCE
> Task :app:generateDebugAssets UP-TO-DATE
> Task :app:mergeDebugAssets UP-TO-DATE
> Task :app:compressDebugAssets UP-TO-DATE
> Task :app:desugarDebugFileDependencies UP-TO-DATE
> Task :app:dexBuilderDebug FROM-CACHE
> Task :app:mergeDebugGlobalSynthetics UP-TO-DATE
> Task :app:processDebugJavaRes UP-TO-DATE
> Task :app:mergeDebugJavaResource UP-TO-DATE
> Task :app:checkDebugDuplicateClasses UP-TO-DATE
> Task :app:mergeExtDexDebug UP-TO-DATE
> Task :app:mergeLibDexDebug UP-TO-DATE
> Task :app:mergeProjectDexDebug FROM-CACHE
> Task :app:prepareNanoDetMainNative

> Task :app:buildNanoDetMainNative
Android NDK: WARNING:C:\Users\ws\AppData\Local\Temp\mobileinspection-nanodet-main\Android.mk:nanodet_ncnn_runtime: non-system libraries in linker flags: -lncnn    
Android NDK:     This is likely to result in incorrect builds. Try using LOCAL_STATIC_LIBRARIES    
Android NDK:     or LOCAL_SHARED_LIBRARIES instead to list the library dependencies of the    
Android NDK:     current module    
[arm64-v8a] Compile++      : nanodet_ncnn_runtime <= nanodet_ncnn_jni.cpp
[arm64-v8a] SharedLibrary  : libnanodet_ncnn_runtime.so
[arm64-v8a] Install        : libnanodet_ncnn_runtime.so => C:\Users\ws\AppData\Local\Temp\mobileinspection-nanodet-main\libs/arm64-v8a/libnanodet_ncnn_runtime.so

> Task :app:stageNanoDetMainNative UP-TO-DATE
> Task :app:cleanupNanoDetMainNative
> Task :app:mergeDebugJniLibFolders UP-TO-DATE
> Task :app:mergeDebugNativeLibs UP-TO-DATE
> Task :app:stripDebugDebugSymbols UP-TO-DATE
> Task :app:validateSigningDebug UP-TO-DATE
> Task :app:writeDebugAppMetadata UP-TO-DATE
> Task :app:writeDebugSigningConfigVersions UP-TO-DATE
> Task :app:packageDebug
> Task :app:createDebugApkListingFileRedirect
> Task :app:assembleDebug

BUILD SUCCESSFUL in 15s
42 actionable tasks: 5 executed, 9 from cache, 28 up-to-date
